<?xml version="1.0" encoding="UTF-8"?>
<testng-results ignored="0" total="4" passed="4" failed="0" skipped="0">
  <reporter-output>
  </reporter-output>
  <suite started-at="2025-05-23T16:23:35 IST" name="Gradle suite" finished-at="2025-05-23T16:23:51 IST" duration-ms="15699">
    <groups>
      <group name="API_Tests">
        <method signature="testCase_API_01.tc01()[pri:1, instance:qtriptest.APITests.testCase_API_01@534a5a98]" name="tc01" class="qtriptest.APITests.testCase_API_01"/>
        <method signature="testCase_API_02.tc02()[pri:2, instance:qtriptest.APITests.testCase_API_02@70e9c95d]" name="tc02" class="qtriptest.APITests.testCase_API_02"/>
        <method signature="testCase_API_03.tc03()[pri:3, instance:qtriptest.APITests.testCase_API_03@4d5650ae]" name="tc03" class="qtriptest.APITests.testCase_API_03"/>
        <method signature="testCase_API_04.tc04()[pri:4, instance:qtriptest.APITests.testCase_API_04@a38c7fe]" name="tc04" class="qtriptest.APITests.testCase_API_04"/>
      </group> <!-- API_Tests -->
    </groups>
    <test started-at="2025-05-23T16:23:35 IST" name="Gradle test" finished-at="2025-05-23T16:23:51 IST" duration-ms="15699">
      <class name="qtriptest.APITests.testCase_API_01">
        <test-method signature="tc01()[pri:1, instance:qtriptest.APITests.testCase_API_01@534a5a98]" started-at="2025-05-23T16:23:35 IST" name="tc01" finished-at="2025-05-23T16:23:43 IST" duration-ms="7663" status="PASS">
          <reporter-output>
          </reporter-output>
        </test-method> <!-- tc01 -->
      </class> <!-- qtriptest.APITests.testCase_API_01 -->
      <class name="qtriptest.APITests.testCase_API_02">
        <test-method signature="tc02()[pri:2, instance:qtriptest.APITests.testCase_API_02@70e9c95d]" started-at="2025-05-23T16:23:43 IST" name="tc02" finished-at="2025-05-23T16:23:47 IST" duration-ms="4227" status="PASS">
          <reporter-output>
          </reporter-output>
        </test-method> <!-- tc02 -->
      </class> <!-- qtriptest.APITests.testCase_API_02 -->
      <class name="qtriptest.APITests.testCase_API_03">
        <test-method signature="tc03()[pri:3, instance:qtriptest.APITests.testCase_API_03@4d5650ae]" started-at="2025-05-23T16:23:47 IST" name="tc03" finished-at="2025-05-23T16:23:48 IST" duration-ms="1072" status="PASS">
          <reporter-output>
          </reporter-output>
        </test-method> <!-- tc03 -->
      </class> <!-- qtriptest.APITests.testCase_API_03 -->
      <class name="qtriptest.APITests.testCase_API_04">
        <test-method signature="tc04()[pri:4, instance:qtriptest.APITests.testCase_API_04@a38c7fe]" started-at="2025-05-23T16:23:48 IST" name="tc04" finished-at="2025-05-23T16:23:51 IST" duration-ms="2573" status="PASS">
          <reporter-output>
          </reporter-output>
        </test-method> <!-- tc04 -->
      </class> <!-- qtriptest.APITests.testCase_API_04 -->
    </test> <!-- Gradle test -->
  </suite> <!-- Gradle suite -->
</testng-results>
